// Jest Snapshot v1, https://goo.gl/fbAQLP

exports[`hlsview unit test snapshot test 1`] = `
<div>
  <button
    id="playbtn"
  >
    재생
  </button>
  <button
    id="pausebtn"
  >
    중지
  </button>
  <p>
    0 / 0
  </p>
</div>
`;
