// Jest Snapshot v1, https://goo.gl/fbAQLP

exports[`snapshot unit test repeats words three times 1`] = `"Test,Test,Test"`;
